
> server@1.0.0 start
> node dist/index.js

node:events:487
      throw er; // Unhandled 'error' event
      ^

Error: listen EADDRINUSE: address already in use :::4000
    at Server.setupListenHandle [as _listen2] (node:net:2008:16)
    at listenInCluster (node:net:2065:12)
    at Server.listen (node:net:2170:7)
    at start (/Users/mishthijain/Discord-Inspired Real-Time Communication Platform/server/dist/index.js:22:16)
    at process.processTicksAndRejections (node:internal/process/task_queues:104:5)
Emitted 'error' event on Server instance at:
    at emitErrorNT (node:net:2044:8)
    at process.processTicksAndRejections (node:internal/process/task_queues:90:21) {
  code: 'EADDRINUSE',
  errno: -48,
  syscall: 'listen',
  address: '::',
  port: 4000
}

Node.js v25.9.0
npm error Lifecycle script `start` failed with error:
npm error code 1
npm error path /Users/mishthijain/Discord-Inspired Real-Time Communication Platform/server
npm error workspace server@1.0.0
npm error location /Users/mishthijain/Discord-Inspired Real-Time Communication Platform/server
npm error command failed
npm error command sh -c node dist/index.js
